// Vitest Snapshot v1, https://vitest.dev/guide/snapshot.html

exports[`playableEmbedItem.vue > renders a podcast episode 1`] = `
<div data-v-38d94c89="">
  <article data-v-38d94c89="" class="playable-list-item group gap-4 px-4" data-testid="playable-embed-item" tabindex="0"><span data-v-38d94c89="" class="track-number flex items-center justify-center min-w-5 overflow-hidden"><span data-v-38d94c89=""><br data-v-38d94c89="" data-testid="Icon" icon="[object Object]"></span></span><span data-v-38d94c89="" class="leading-none"><br data-v-38d94c89="" data-testid="playable-thumbnail" playable="[object Object]"></span><span data-v-38d94c89="" class="title-artist flex-1 flex flex-col gap-2 overflow-hidden"><span data-v-38d94c89="" class="title text-k-fg">How to tell people to shut up about Queen</span><span data-v-38d94c89="">The Everyday Guy - The Everyday Guide</span></span><span data-v-38d94c89="" class="font-mono">04:40</span></article>
</div>
`;

exports[`playableEmbedItem.vue > renders a song 1`] = `
<div data-v-38d94c89="">
  <article data-v-38d94c89="" class="playable-list-item group gap-4 px-4" data-testid="playable-embed-item" tabindex="0"><span data-v-38d94c89="" class="track-number flex items-center justify-center min-w-5 overflow-hidden"><span data-v-38d94c89="">9</span></span><span data-v-38d94c89="" class="leading-none"><br data-v-38d94c89="" data-testid="playable-thumbnail" playable="[object Object]"></span><span data-v-38d94c89="" class="title-artist flex-1 flex flex-col gap-2 overflow-hidden"><span data-v-38d94c89="" class="title text-k-fg">Bohemian Rhapsody</span><span data-v-38d94c89="">Queen - A Night at the Opera</span></span><span data-v-38d94c89="" class="font-mono">04:40</span></article>
</div>
`;
