// Vitest Snapshot v1, https://vitest.dev/guide/snapshot.html

exports[`magnifier.vue > renders and functions 1`] = `<span data-v-ae321e7b="" class="flex transition-opacity duration-200"><button data-v-ae321e7b="" class="rounded-l! border-r-0!" title="Zoom out" type="button"><br data-v-ae321e7b="" data-testid="Icon" icon="[object Object]"></button><button data-v-ae321e7b="" class="rounded-r!" title="Zoom in" type="button"><br data-v-ae321e7b="" data-testid="Icon" icon="[object Object]"></button></span>`;
