// Vitest Snapshot v1, https://vitest.dev/guide/snapshot.html

exports[`magnifier.vue > renders and functions 1`] = `<span data-v-ae321e7b="" class="flex transition-opacity duration-200"><button data-v-ae321e7b="" class="rounded-l! border-r-0!" title="Zoom out" type="button"><span data-v-241cb009="" data-v-ae321e7b="" data-icon="zoom_out" style="font-variation-settings: 'FILL' 0, 'wght' 400, 'opsz' 24;" aria-hidden="true" class="material-symbols-outlined m3-icon"></span></button><button data-v-ae321e7b="" class="rounded-r!" title="Zoom in" type="button"><span data-v-241cb009="" data-v-ae321e7b="" data-icon="zoom_in" style="font-variation-settings: 'FILL' 0, 'wght' 400, 'opsz' 24;" aria-hidden="true" class="material-symbols-outlined m3-icon"></span></button></span>`;
