// Vitest Snapshot v1, https://vitest.dev/guide/snapshot.html

exports[`screenEmptyState.vue > renders 1`] = `
<article data-v-7e4dd40c="" class="screen-empty-state" data-testid="screen-empty-state" data-vue="ScreenEmptyState"><span data-v-7e4dd40c="" class="icon"><i class="my-icon"></i></span>
  <div data-v-7e4dd40c="" class="text">Nothing here</div>
</article>
`;
