// Vitest Snapshot v1, https://vitest.dev/guide/snapshot.html

exports[`creditsBlock.vue > renders the credits 1`] = `
<div data-v-aa6b4447="" class="scroll-mask-y max-h-36 overflow-auto" data-testid="demo-credits"> Music by <ul data-v-aa6b4447="" class="inline">
    <li data-v-aa6b4447="" class="inline"><a data-v-aa6b4447="" href="https://bar.com" target="_blank">Bar</a></li>
    <li data-v-aa6b4447="" class="inline"><a data-v-aa6b4447="" href="https://foo.com" target="_blank">Foo</a></li>
    <li data-v-aa6b4447="" class="inline"><a data-v-aa6b4447="" href="https://something-else.net" target="_blank">Something Else</a></li>
  </ul>
</div>
`;
