// Vitest Snapshot v1, https://vitest.dev/guide/snapshot.html

exports[`supportKoel.vue > shows after a delay 1`] = `
<div data-v-d69264fe="" class="bg-k-bg text-[0.9rem] px-6 py-4 flex z-10 space-x-3" data-testid="support-bar">
  <p data-v-d69264fe="" class="flex-1"> Loving Koel? Please consider supporting its development via <a data-v-d69264fe="" href="https://github.com/users/phanan/sponsorship" rel="noopener" target="_blank">GitHub Sponsors</a> and/or <a data-v-d69264fe="" href="https://opencollective.com/koel" rel="noopener" target="_blank">OpenCollective</a>. </p><button data-v-d69264fe="" type="button">Hide</button><span data-v-d69264fe="" class="block after:content-['•'] after:block"></span><button data-v-d69264fe="" type="button">Don't bug me again</button>
</div>
`;
