// Vitest Snapshot v1, https://vitest.dev/guide/snapshot.html

exports[`mediaBrowserMenuItem.vue > keeps track of the active path 1`] = `
<li data-v-85bbfa2d="" class="sidebar-item" data-testid="sidebar-item" screen="MediaBrowser"><a data-v-85bbfa2d="" href="/#/browse" class="m3-state m3-label-large"><br data-testid="Icon" icon="[object Object]" fixed-width=""><span data-v-85bbfa2d="" class="label"> Media Browser </span>
    <!--v-if-->
  </a></li>
`;

exports[`mediaBrowserMenuItem.vue > renders 1`] = `
<li data-v-85bbfa2d="" class="sidebar-item" data-testid="sidebar-item" screen="MediaBrowser"><a data-v-85bbfa2d="" href="/#/browse" class="m3-state m3-label-large"><br data-testid="Icon" icon="[object Object]" fixed-width=""><span data-v-85bbfa2d="" class="label"> Media Browser </span>
    <!--v-if-->
  </a></li>
`;
