// Vitest Snapshot v1, https://vitest.dev/guide/snapshot.html

exports[`sidebarItem > renders 1`] = `
<li data-v-85bbfa2d="" class="sidebar-item" data-testid="sidebar-item"><a data-v-85bbfa2d="" href="#" class="m3-state m3-label-large">
    <!--v-if--><span data-v-85bbfa2d="" class="label">Home</span>
    <!--v-if-->
  </a></li>
`;
