// Vitest Snapshot v1, https://vitest.dev/guide/snapshot.html

exports[`youTubeSidebarItem.vue > renders 1`] = `
<li data-v-85bbfa2d="" class="sidebar-item" data-testid="sidebar-item" screen="YouTube"><a data-v-85bbfa2d="" href="/#/youtube" class="m3-state m3-label-large"><br data-testid="Icon" icon="[object Object]" fixed-width=""><span data-v-85bbfa2d="" class="label">Another One Bites the Dust</span>
    <!--v-if-->
  </a></li>
`;
