// Vitest Snapshot v1, https://vitest.dev/guide/snapshot.html

exports[`uploadItem.vue > renders 1`] = `
<article data-v-138b95c7="" class="upload-item relative">
  <div data-v-138b95c7="" class="canceled h-full w-full min-h-[32px] bg-(--schemes-surface-container-high) relative rounded-lg overflow-hidden">
    <div data-v-138b95c7="" class="absolute z-1 h-full w-full flex items-center">
      <!--v-if--><span data-v-138b95c7="" class="name min-w-0 flex-1 overflow-hidden whitespace-nowrap px-4 [mask-image:linear-gradient(to_right,black_calc(100%-3rem),transparent)]">Sample Track</span><span data-v-138b95c7="" class="min-w-0 truncate px-4 text-(--schemes-on-surface-variant)" data-testid="upload-item-reason"></span>
      <!--v-if-->
      <!--v-if--><button data-v-2e59174f="" data-v-138b95c7="" aria-label="Retry" title="Retry" class="standard s round m3-icon-button m3-state" type="button"><span data-v-241cb009="" data-v-2e59174f="" data-icon="refresh" style="font-size: 24px; width: 24px; height: 24px; font-variation-settings: 'FILL' 0, 'wght' 400, 'opsz' 24;" aria-hidden="true" class="material-symbols-outlined m3-icon"></span></button><button data-v-2e59174f="" data-v-138b95c7="" aria-label="Remove" title="Remove" class="standard s round m3-icon-button m3-state" type="button"><span data-v-241cb009="" data-v-2e59174f="" data-icon="delete" style="font-size: 24px; width: 24px; height: 24px; font-variation-settings: 'FILL' 0, 'wght' 400, 'opsz' 24;" aria-hidden="true" class="material-symbols-outlined m3-icon"></span></button>
      <!--v-if-->
      <!--v-if-->
    </div>
  </div>
</article>
`;
