// Vitest Snapshot v1, https://vitest.dev/guide/snapshot.html

exports[`messageToast.vue > renders 1`] = `<div data-v-5216974a="" data-v-59c73f57="" class="m3-snackbar success toast" role="status" title="Click to dismiss"><span data-v-5216974a="" class="m3-body-medium message"><span data-v-59c73f57="" class="flex items-center gap-3"><span data-v-241cb009="" data-v-59c73f57="" data-icon="check_circle" style="font-size: 20px; width: 20px; height: 20px; font-variation-settings: 'FILL' 0, 'wght' 400, 'opsz' 20;" aria-hidden="true" class="material-symbols-outlined m3-icon type-icon"></span> </span></span><button data-v-5216974a="" aria-label="Close" class="close m3-state" type="button"><span data-v-241cb009="" data-v-5216974a="" data-icon="close" style="font-size: 24px; width: 24px; height: 24px; font-variation-settings: 'FILL' 0, 'wght' 400, 'opsz' 24;" aria-hidden="true" class="material-symbols-outlined m3-icon"></span></button></div>`;
