// Vitest Snapshot v1, https://vitest.dev/guide/snapshot.html

exports[`genreContextMenu.vue > renders 1`] = `
<ul role="none">
  <li data-v-4c4fdd02="" data-reka-collection-item="" role="menuitem" tabindex="-1"><!--v-if--><span data-v-4c4fdd02="" class="label">Play</span></li>
  <li data-v-4c4fdd02="" data-reka-collection-item="" role="menuitem" tabindex="-1"><!--v-if--><span data-v-4c4fdd02="" class="label">Shuffle</span></li>
  <li data-v-4c4fdd02="" data-reka-collection-item="" role="menuitem" tabindex="-1"><!--v-if--><span data-v-4c4fdd02="" class="label">Add to queue</span></li>
</ul>
`;
