// Vitest Snapshot v1, https://vitest.dev/guide/snapshot.html

exports[`genreCard.vue > renders 1`] = `<li data-v-33ce723f="" data-vue="GenreCard" draggable="true" tabindex="0"><a data-v-33ce723f="" class="tone-0 genre-card m3-state" href="/genres/foo" title="Classical"><span data-v-33ce723f="" class="Classical m3-title-large truncate name">Classical</span><span data-v-33ce723f="" class="m3-body-medium count">99 songs</span></a></li>`;
