// Vitest Snapshot v1, https://vitest.dev/guide/snapshot.html

exports[`footerExtraControls.vue > renders 1`] = `
<div data-v-44c75140="" class="extra-controls" data-vue="FooterExtraControls">
  <!--v-if--><span data-v-77e2241f="" data-v-44c75140="" id="volume" class="muted volume"><button data-v-2e59174f="" data-v-77e2241f="" aria-label="Unmute" title="Unmute" class="standard s round m3-icon-button m3-state" type="button"><span data-v-241cb009="" data-v-2e59174f="" data-icon="volume_off" style="font-size: 24px; width: 24px; height: 24px; font-variation-settings: 'FILL' 0, 'wght' 400, 'opsz' 24;" aria-hidden="true" class="material-symbols-outlined m3-icon"></span></button>
  <div data-v-f6a5656d="" data-v-77e2241f="" class="m3-slider slider" style="--fraction: 0;"><span data-v-f6a5656d="" class="track active"></span><span data-v-f6a5656d="" class="handle"></span><span data-v-f6a5656d="" class="track inactive"></span><input data-v-f6a5656d="" aria-label="Volume" max="10" min="0" step="0.1" type="range"></div></span>
  <!--v-if--><button data-v-2e59174f="" data-v-44c75140="" aria-label="Expand player" aria-pressed="false" title="Expand player" class="tonal s round toggle m3-icon-button m3-state" type="button" data-testid="now-playing-toggle"><span data-v-241cb009="" data-v-2e59174f="" data-icon="keyboard_arrow_up" style="font-size: 24px; width: 24px; height: 24px; font-variation-settings: 'FILL' 0, 'wght' 400, 'opsz' 24;" aria-hidden="true" class="material-symbols-outlined m3-icon"></span></button>
</div>
`;
