// Vitest Snapshot v1, https://vitest.dev/guide/snapshot.html

exports[`footerExtraControls.vue > renders 1`] = `
<div data-v-44c75140="" class="extra-controls flex justify-end relative md:w-[420px] px-6 md:px-8 py-0">
  <div data-v-44c75140="" class="flex justify-end items-center gap-6"><button data-v-d8690b27="" data-v-04b370d9="" data-v-44c75140="" class="relative transition-[color] duration-200 ease-in-out hover:text-k-fg queue-btn" type="button" title="Queue (Q)"><br data-v-04b370d9="" data-testid="Icon" icon="[object Object]" fixed-width=""></button><button data-v-d8690b27="" data-v-44c75140="" class="relative transition-[color] duration-200 ease-in-out hover:text-k-fg visualizer-btn hidden md:block!" type="button" data-testid="toggle-visualizer-btn" title="Toggle visualizer"><br data-v-44c75140="" data-testid="Icon" icon="[object Object]" fixed-width=""></button>
    <!--v-if--><span data-v-77e2241f="" data-v-44c75140="" id="volume" class="muted hidden md:flex relative items-center gap-2"><button data-v-d8690b27="" data-v-77e2241f="" class="relative transition-[color] duration-200 ease-in-out hover:text-k-fg" type="button" tabindex="0" title="Unmute"><br data-v-77e2241f="" data-testid="Icon" icon="[object Object]" fixed-width=""></button><button data-v-d8690b27="" data-v-77e2241f="" class="relative transition-[color] duration-200 ease-in-out hover:text-k-fg" type="button" tabindex="0" title="Mute" style="display: none;"><br data-v-77e2241f="" data-testid="Icon" icon="[object Object]" fixed-width=""></button><input data-v-77e2241f="" class="volume-slider w-[120px]! before:absolute before:left-0 before:right-0 before:top-[-12px] before:bottom-[-12px]" max="10" role="slider" step="0.1" title="Volume" type="range"></span>
    <!--v-if-->
  </div>
</div>
`;
