// Vitest Snapshot v1, https://vitest.dev/guide/snapshot.html

exports[`footerPlayableInfo.vue > renders with current playable 1`] = `
<div data-v-4e9359fd="" draggable="true" class="song-info" data-vue="FooterPlayableInfo"><button data-v-4e9359fd="" aria-label="Expand player" style="background-image: url(&quot;https://via.placeholder.com/150&quot;), url(&quot;/assets/img/covers/default.svg&quot;);" class="album-thumb" type="button"></button>
  <div data-v-4e9359fd="" class="meta">
    <p data-v-4e9359fd="" class="title m3-title-medium">Fahrstuhl zum Mond</p><a data-v-4e9359fd="" href="/#/artists/led-zeppelin" class="artist m3-body-medium">Led Zeppelin</a>
  </div><button data-v-2e59174f="" data-v-2100da4e="" data-v-4e9359fd="" aria-label="Favorite" aria-pressed="false" title="Favorite" class="standard s round toggle m3-icon-button m3-state favorite-button" type="button"><span data-v-241cb009="" data-v-2e59174f="" style="font-size: 24px; width: 24px; height: 24px; font-variation-settings: 'FILL' 0, 'wght' 400, 'opsz' 24;" class="material-symbols-outlined m3-icon" aria-hidden="true">favorite</span></button>
</div>
`;

exports[`footerPlayableInfo.vue > renders with no current playable 1`] = `
<div data-v-4e9359fd="" draggable="false" class="song-info" data-vue="FooterPlayableInfo"><button data-v-4e9359fd="" aria-label="Expand player" style="background-image: url(&quot;/assets/img/covers/default.svg&quot;), url(&quot;/assets/img/covers/default.svg&quot;);" class="album-thumb" type="button"></button>
  <!--v-if-->
  <!--v-if-->
</div>
`;
